[
  {
    "dataset_version": "",
    "iati_identifier": "ACT-1"
  },
  {
    "dataset_version": "",
    "iati_identifier": "ACT-2"
  },
  {
    "dataset_version": "",
    "iati_identifier": "ACT-3"
  }
]
