[
    {
        "dataset_version": "2.03",
        "iati_identifier": "ACT-1",
        "last_updated_datetime": "2023-07-17T08:05:08.000Z"
    }
]
