[
  {
    "dataset_version": "2.03",
    "dataset_generated_datetime": "2014-09-10T07:15:37.000Z",
    "last_updated_datetime": "2014-09-10T07:15:37.000Z",
    "iati_identifier": "ACT-1",
    "budget_status": "2",
    "budget_type": "2",
    "budget_bigorg_bigorg_finance_bigorg_applicant": "TEST1",
    "@budget": [
      {
        "budget_status": "2",
        "budget_type": "2",
        "budget_bigorg_bigorg_finance_bigorg_applicant": "TEST1"
      }
    ]
  }
]
