[
    {
        "dataset_version": "2.03",
        "dataset_linked_data_default": "astringhere",
        "dataset_generated_datetime": "2015-10-11T08:15:37.000Z",
        "last_updated_datetime": "2014-09-10T07:15:37.000Z",
        "iati_identifier": "ACT-1",
        "reporting_org_ref": "AA-AAA-123456789",
        "reporting_org_type": "40",
        "reporting_org_secondary_reporter": "0",
        "reporting_org_narrative": [
            "Organisation name",
            "Nom de l'organisme"
        ],
        "reporting_org_narrative_xml_lang": [
            "",
            "fr"
        ],
        "title_narrative": [
            "Activity title",
            "Titre de l'activité",
            "Título de la actividad"
        ],
        "title_narrative_xml_lang": [
            "",
            "fr",
            "es"
        ]
    }
]
