[
    {
        "dataset_version": "",
        "description_type": "1",
        "description_narrative": [
            "",
            "some french stuff"
        ],
        "description_narrative_xml_lang": [
            "en",
            "fr"
        ]
    }
]
