[
    {
        "dataset_version": "2.03",
        "dataset_generated_datetime": "2014-09-10T07:15:37.000Z",
        "last_updated_datetime": "2014-09-10T07:15:37.000Z",
        "participating_org_ref": [
            "TEST-GOV-1",
            "TEST-GOV-1",
            "TEST-GOV-1",
            ""
        ],
        "participating_org_role": [
            "1",
            "2",
            "3",
            "4"
        ],
        "participating_org_type": [
            "10",
            "10",
            "10",
            "22"
        ]
    }
]
