[
    {
        "dataset_version": "2.03",
        "dataset_generated_datetime": "2014-09-10T07:15:37.000Z",
        "last_updated_datetime": "2014-09-10T07:15:37.000Z",
        "iati_identifier": "ACT-1"
    },
    {
        "dataset_version": "2.03",
        "dataset_generated_datetime": "2014-09-10T07:15:37.000Z",
        "last_updated_datetime": "2014-09-10T07:15:37.000Z",
        "iati_identifier": "XI-IATI-01PROVISION_359"
    }
]
