[
    {
        "dataset_version": "",
        "iati_identifier": "ACT-1",
        "reporting_org_ref": "AA-AAA-123456789",
        "reporting_org_type": "40",
        "reporting_org_secondary_reporter": "0",
        "reporting_org_narrative": [
            "Organisation name",
            "Nom de l'organisme"
        ],
        "reporting_org_narrative_xml_lang": "fr",
        "transaction_ref": [
            "1234",
            "5678"
        ],
        "transaction_humanitarian": "1",
        "transaction_transaction_type_code": [
            "1",
            "2"
        ],
        "transaction_transaction_date_iso_date": [
            "2012-01-01T00:00:00.000Z",
            "2013-01-01T00:00:00.000Z"
        ],
        "@transaction": [
          {
            "transaction_ref": "1234",
            "transaction_humanitarian": "1",
            "transaction_transaction_type_code": "1",
            "transaction_transaction_date_iso_date": "2012-01-01T00:00:00.000Z"
          },
          {
            "transaction_ref": "5678",
            "transaction_transaction_type_code": "2",
            "transaction_transaction_date_iso_date": "2013-01-01T00:00:00.000Z"
          }
        ]
    }
]
