{
  "iati-activity": [
    {
      "@default-currency": "EUR",
      "@last-updated-datetime": "2023-07-17T08:05:08.160000+00:00",
      "budget": [
        {
          "@status": "2",
          "@type": "1",
          "period-end": [
            {
              "@iso-date": "2021-09-24"
            }
          ],
          "period-start": [
            {
              "@iso-date": "2021-02-21"
            }
          ],
          "value": [
            {
              "@currency": "EUR",
              "@value-date": "2021-09-24",
              "text()": "347896"
            }
          ]
        }
      ],
      "iati-identifier": [
        {
          "text()": "ACT-1"
        }
      ],
      "planned-disbursement": [
        {
          "@type": "1",
          "value": [
            {
              "@currency": "EUR",
              "@value-date": "2014-01-01",
              "text()": "3000"
            }
          ]
        }
      ],
      "transaction": [
        {
          "@humanitarian": "1",
          "@ref": "1234",
          "transaction-date": [
            {
              "@iso-date": "2012-01-01"
            }
          ],
          "transaction-type": [
            {
              "@code": "1"
            }
          ],
          "value": [
            {
              "@currency": "EUR",
              "@value-date": "2012-01-01",
              "text()": "347896"
            }
          ]
        }
      ]
    }
  ]
}