[
    {
        "@budget": [
            {
                "budget_period_end_iso_date": "2021-09-24T00:00:00.000Z",
                "budget_period_start_iso_date": "2021-02-21T00:00:00.000Z",
                "budget_status": "2",
                "budget_type": "1",
                "budget_value": "347896",
                "budget_value_currency": "EUR",
                "budget_value_value_date": "2021-09-24T00:00:00.000Z"
            }
        ],
        "budget_period_end_iso_date": "2021-09-24T00:00:00.000Z",
        "budget_period_start_iso_date": "2021-02-21T00:00:00.000Z",
        "budget_status": "2",
        "budget_type": "1",
        "budget_value": "347896",
        "budget_value_currency": "EUR",
        "budget_value_value_date": "2021-09-24T00:00:00.000Z",
        "dataset_version": "2.03",
        "iati_identifier": "ACT-1",
        "last_updated_datetime": "2023-07-17T08:05:08.160Z"
    }
]
