[
  {
    "dataset_version": "2.03",
    "last_updated_datetime": "2023-07-17T08:05:08.160Z",
    "iati_identifier": "ACT-1"
  },
  {
    "dataset_version": "2.03",
    "last_updated_datetime": "2023-07-17T00:00:00.000Z",
    "iati_identifier": "ACT-2"
  }
]
