[
  {
    "dataset_version": "2.03",
    "last_updated_datetime": "2023-07-17T08:05:08.160Z",
    "default_currency": "EUR",
    "iati_identifier": "ACT-1",
    "budget_type": "1",
    "budget_status": "2",
    "budget_period_start_iso_date": "2021-02-21T00:00:00.000Z",
    "budget_period_end_iso_date": "2021-09-24T00:00:00.000Z",
    "budget_value_value_date": "2021-09-24T00:00:00.000Z",
    "budget_value": "347896",
    "budget_value_currency": "EUR",
    "transaction_ref": "1234",
    "transaction_humanitarian": "1",
    "transaction_transaction_type_code": "1",
    "transaction_transaction_date_iso_date": "2012-01-01T00:00:00.000Z",
    "transaction_value_value_date": "2012-01-01T00:00:00.000Z",
    "transaction_value": "347896",
    "transaction_value_currency": "EUR",
    "planned_disbursement_type": "1",
    "planned_disbursement_value_currency": "EUR",
    "planned_disbursement_value_value_date": "2014-01-01T00:00:00.000Z",
    "planned_disbursement_value": "3000",
    "@transaction": [
      {
        "transaction_ref": "1234",
        "transaction_humanitarian": "1",
        "transaction_transaction_type_code": "1",
        "transaction_transaction_date_iso_date": "2012-01-01T00:00:00.000Z",
        "transaction_value_value_date": "2012-01-01T00:00:00.000Z",
        "transaction_value": "347896",
        "transaction_value_currency": "EUR"
      }
    ],
    "@budget": [
      {
        "budget_type": "1",
        "budget_status": "2",
        "budget_period_start_iso_date": "2021-02-21T00:00:00.000Z",
        "budget_period_end_iso_date": "2021-09-24T00:00:00.000Z",
        "budget_value_value_date": "2021-09-24T00:00:00.000Z",
        "budget_value": "347896",
        "budget_value_currency": "EUR"
      }
    ]
  }
]
